// Jest Snapshot v1, https://goo.gl/fbAQLP

exports[`Test render & styles Header snapshot 1`] = `
<div
  className="header"
>
  <div
    className="content"
  >
    <nav
      className="navbar navbar-expand-md navbar-light bg-faded"
    >
      <a
        className="site-title navbar-brand"
        href="/"
      >
        SocialFit
      </a>
      <button
        className="navbar-toggler"
        onClick={[Function]}
        type="button"
      >
        <span
          className="navbar-toggler-icon"
        />
      </button>
      <div
        className="collapse navbar-collapse"
        style={Object {}}
      >
        <ul
          className="ml-auto navbar-nav"
        >
          <li
            className="nav nav-item"
          >
            <a
              className="nav-link"
              href="/feed"
              onClick={[Function]}
            >
              NEWSFEED
            </a>
          </li>
          <li
            className="nav nav-item"
          >
            <a
              className="nav-link"
              href="#"
              onClick={[Function]}
            >
              PROFILE
            </a>
          </li>
          <li
            className="nav nav-item"
          >
            <a
              className="loginButton btn btn-secondary"
              href="#"
              onClick={[Function]}
              type={undefined}
            >
               Sign in 
            </a>
          </li>
        </ul>
      </div>
    </nav>
  </div>
</div>
`;
